
Discarded input sections

 .group         0x00000000        0xc ./src/main.o
 .group         0x00000000        0xc ./src/main.o
 .group         0x00000000        0xc ./src/main.o
 .group         0x00000000        0xc ./src/main.o
 .group         0x00000000        0xc ./src/main.o
 .group         0x00000000        0xc ./src/main.o
 .group         0x00000000        0xc ./src/main.o
 .group         0x00000000        0xc ./src/main.o
 .group         0x00000000        0xc ./src/main.o
 .group         0x00000000        0xc ./src/main.o
 .group         0x00000000        0xc ./src/main.o
 .group         0x00000000        0xc ./src/main.o
 .group         0x00000000        0xc ./src/main.o
 .group         0x00000000        0xc ./src/main.o
 .group         0x00000000        0xc ./src/main.o
 .group         0x00000000        0xc ./src/main.o
 .group         0x00000000        0xc ./src/main.o
 .group         0x00000000        0xc ./src/main.o
 .group         0x00000000        0xc ./src/main.o
 .group         0x00000000        0xc ./src/main.o
 .group         0x00000000        0xc ./src/main.o
 .group         0x00000000        0xc ./src/main.o
 .group         0x00000000        0xc ./src/main.o
 .group         0x00000000        0xc ./src/main.o
 .group         0x00000000        0xc ./src/main.o
 .group         0x00000000        0xc ./src/main.o
 .group         0x00000000        0xc ./src/main.o
 .group         0x00000000        0xc ./src/main.o
 .group         0x00000000        0xc ./src/main.o
 .group         0x00000000        0xc ./src/main.o
 .group         0x00000000        0xc ./src/main.o
 .group         0x00000000        0xc ./src/main.o
 .group         0x00000000        0xc ./src/main.o
 .group         0x00000000        0xc ./src/main.o
 .group         0x00000000        0xc ./src/main.o
 .group         0x00000000        0xc ./src/main.o
 .group         0x00000000        0xc ./src/main.o
 .group         0x00000000        0xc ./src/main.o
 .group         0x00000000        0xc ./src/main.o
 .group         0x00000000        0xc ./src/main.o
 .group         0x00000000        0xc ./src/main.o
 .group         0x00000000        0xc ./src/main.o
 .group         0x00000000        0xc ./src/main.o
 .group         0x00000000        0xc ./src/main.o
 .group         0x00000000        0xc ./src/main.o
 .group         0x00000000        0xc ./src/main.o
 .group         0x00000000        0xc ./src/main.o
 .group         0x00000000        0xc ./src/main.o
 .group         0x00000000        0xc ./src/main.o
 .group         0x00000000        0xc ./src/main.o
 .group         0x00000000        0xc ./src/main.o
 .group         0x00000000        0xc ./src/main.o
 .text          0x00000000        0x0 ./src/main.o
 .data          0x00000000        0x0 ./src/main.o
 .bss           0x00000000        0x0 ./src/main.o
 .group         0x00000000        0xc ./STM32F30x_StdPeriph_Driver/src/stm32f30x_can.o
 .group         0x00000000        0xc ./STM32F30x_StdPeriph_Driver/src/stm32f30x_can.o
 .group         0x00000000        0xc ./STM32F30x_StdPeriph_Driver/src/stm32f30x_can.o
 .group         0x00000000        0xc ./STM32F30x_StdPeriph_Driver/src/stm32f30x_can.o
 .group         0x00000000        0xc ./STM32F30x_StdPeriph_Driver/src/stm32f30x_can.o
 .group         0x00000000        0xc ./STM32F30x_StdPeriph_Driver/src/stm32f30x_can.o
 .group         0x00000000        0xc ./STM32F30x_StdPeriph_Driver/src/stm32f30x_can.o
 .group         0x00000000        0xc ./STM32F30x_StdPeriph_Driver/src/stm32f30x_can.o
 .group         0x00000000        0xc ./STM32F30x_StdPeriph_Driver/src/stm32f30x_can.o
 .group         0x00000000        0xc ./STM32F30x_StdPeriph_Driver/src/stm32f30x_can.o
 .group         0x00000000        0xc ./STM32F30x_StdPeriph_Driver/src/stm32f30x_can.o
 .group         0x00000000        0xc ./STM32F30x_StdPeriph_Driver/src/stm32f30x_can.o
 .group         0x00000000        0xc ./STM32F30x_StdPeriph_Driver/src/stm32f30x_can.o
 .group         0x00000000        0xc ./STM32F30x_StdPeriph_Driver/src/stm32f30x_can.o
 .text          0x00000000        0x0 ./STM32F30x_StdPeriph_Driver/src/stm32f30x_can.o
 .data          0x00000000        0x0 ./STM32F30x_StdPeriph_Driver/src/stm32f30x_can.o
 .bss           0x00000000        0x0 ./STM32F30x_StdPeriph_Driver/src/stm32f30x_can.o
 .text.CheckITStatus
                0x00000000        0xc ./STM32F30x_StdPeriph_Driver/src/stm32f30x_can.o
 .text.CAN_DeInit
                0x00000000       0x30 ./STM32F30x_StdPeriph_Driver/src/stm32f30x_can.o
 .text.CAN_Init
                0x00000000      0x1f4 ./STM32F30x_StdPeriph_Driver/src/stm32f30x_can.o
 .text.CAN_FilterInit
                0x00000000      0x158 ./STM32F30x_StdPeriph_Driver/src/stm32f30x_can.o
 .text.CAN_StructInit
                0x00000000       0x20 ./STM32F30x_StdPeriph_Driver/src/stm32f30x_can.o
 .text.CAN_SlaveStartBank
[...]
Memory Configuration

Name             Origin             Length             Attributes
FLASH            0x08000000         0x00010000         xr
RAM              0x20000000         0x00004000         xrw
MEMORY_B1        0x60000000         0x00000000         xr
CCMRAM           0x10000000         0x00000000         rw
*default*        0x00000000         0xffffffff

Linker script and memory map

LOAD ./src/main.o
LOAD ./STM32F30x_StdPeriph_Driver/src/stm32f30x_can.o
LOAD ./STM32F30x_StdPeriph_Driver/src/stm32f30x_comp.o
LOAD ./STM32F30x_StdPeriph_Driver/src/stm32f30x_crc.o
LOAD ./STM32F30x_StdPeriph_Driver/src/stm32f30x_dac.o
LOAD ./STM32F30x_StdPeriph_Driver/src/stm32f30x_dbgmcu.o
LOAD ./STM32F30x_StdPeriph_Driver/src/stm32f30x_dma.o
LOAD ./STM32F30x_StdPeriph_Driver/src/stm32f30x_exti.o
LOAD ./STM32F30x_StdPeriph_Driver/src/stm32f30x_flash.o
LOAD ./STM32F30x_StdPeriph_Driver/src/stm32f30x_fmc.o
LOAD ./STM32F30x_StdPeriph_Driver/src/stm32f30x_gpio.o
LOAD ./STM32F30x_StdPeriph_Driver/src/stm32f30x_i2c.o
LOAD ./STM32F30x_StdPeriph_Driver/src/stm32f30x_iwdg.o
LOAD ./STM32F30x_StdPeriph_Driver/src/stm32f30x_misc.o
LOAD ./STM32F30x_StdPeriph_Driver/src/stm32f30x_opamp.o
LOAD ./STM32F30x_StdPeriph_Driver/src/stm32f30x_pwr.o
LOAD ./STM32F30x_StdPeriph_Driver/src/stm32f30x_rcc.o
LOAD ./STM32F30x_StdPeriph_Driver/src/stm32f30x_rtc.o
LOAD ./STM32F30x_StdPeriph_Driver/src/stm32f30x_spi.o
LOAD ./STM32F30x_StdPeriph_Driver/src/stm32f30x_syscfg.o
LOAD ./STM32F30x_StdPeriph_Driver/src/stm32f30x_tim.o
LOAD ./STM32F30x_StdPeriph_Driver/src/stm32f30x_usart.o
LOAD ./STM32F30x_StdPeriph_Driver/src/stm32f30x_wwdg.o
LOAD ./STM32F30x_StdPeriph_Driver/cmsis/gcc_ride7/startup_stm32f30x.o
LOAD ./STM32F30x_StdPeriph_Driver/cmsis/system_stm32f30x.o
LOAD c:/program files (x86)/gnu tools arm embedded/7 2017-q4-major/bin/../lib/gcc/arm-none-eabi/7.2.1/../../../../arm-none-eabi/lib/thumb/v7e-m\libstdc++_nano.a
LOAD c:/program files (x86)/gnu tools arm embedded/7 2017-q4-major/bin/../lib/gcc/arm-none-eabi/7.2.1/../../../../arm-none-eabi/lib/thumb/v7e-m\libm.a
START GROUP
LOAD c:/program files (x86)/gnu tools arm embedded/7 2017-q4-major/bin/../lib/gcc/arm-none-eabi/7.2.1/thumb/v7e-m\libgcc.a
LOAD c:/program files (x86)/gnu tools arm embedded/7 2017-q4-major/bin/../lib/gcc/arm-none-eabi/7.2.1/../../../../arm-none-eabi/lib/thumb/v7e-m\libg_nano.a
LOAD c:/program files (x86)/gnu tools arm embedded/7 2017-q4-major/bin/../lib/gcc/arm-none-eabi/7.2.1/../../../../arm-none-eabi/lib/thumb/v7e-m\libc_nano.a
END GROUP
START GROUP
LOAD c:/program files (x86)/gnu tools arm embedded/7 2017-q4-major/bin/../lib/gcc/arm-none-eabi/7.2.1/thumb/v7e-m\libgcc.a
LOAD c:/program files (x86)/gnu tools arm embedded/7 2017-q4-major/bin/../lib/gcc/arm-none-eabi/7.2.1/../../../../arm-none-eabi/lib/thumb/v7e-m\libc_nano.a
END GROUP
                0x20004000                _estack = 0x20004000
                0x00000200                _Min_Heap_Size = 0x200
                0x00000400                _Min_Stack_Size = 0x400

.isr_vector     0x08000000      0x188
                0x08000000                . = ALIGN (0x4)
 *(.isr_vector)
 .isr_vector    0x08000000      0x188 ./STM32F30x_StdPeriph_Driver/cmsis/gcc_ride7/startup_stm32f30x.o
                0x08000000                g_pfnVectors
                0x08000188                . = ALIGN (0x4)

.text           0x08000188      0x888
                0x08000188                . = ALIGN (0x4)
 *(.text)
 *(.text*)
 .text.main     0x08000188       0xa0 ./src/main.o
                0x08000188                main
 .text.assert_failed
                0x08000228        0x2 ./src/main.o
                0x08000228                assert_failed
 *fill*         0x0800022a        0x2 
 .text.GPIO_Init
                0x0800022c      0x124 ./STM32F30x_StdPeriph_Driver/src/stm32f30x_gpio.o
                0x0800022c                GPIO_Init
 .text.GPIO_PinAFConfig
                0x08000350       0xa0 ./STM32F30x_StdPeriph_Driver/src/stm32f30x_gpio.o
                0x08000350                GPIO_PinAFConfig
 .text.RCC_MCOConfig
                0x080003f0       0x44 ./STM32F30x_StdPeriph_Driver/src/stm32f30x_rcc.o
                0x080003f0                RCC_MCOConfig
 .text.RCC_AHBPeriphClockCmd
                0x08000434       0x4c ./STM32F30x_StdPeriph_Driver/src/stm32f30x_rcc.o
                0x08000434                RCC_AHBPeriphClockCmd
 .text.RCC_APB1PeriphClockCmd
                0x08000480       0x4c ./STM32F30x_StdPeriph_Driver/src/stm32f30x_rcc.o
                0x08000480                RCC_APB1PeriphClockCmd
 .text.TIM_TimeBaseInit
                0x080004cc      0x140 ./STM32F30x_StdPeriph_Driver/src/stm32f30x_tim.o
                0x080004cc                TIM_TimeBaseInit
 .text.TIM_Cmd  0x0800060c       0x98 ./STM32F30x_StdPeriph_Driver/src/stm32f30x_tim.o
                0x0800060c                TIM_Cmd
 .text.TIM_OC4Init
                0x080006a4      0x120 ./STM32F30x_StdPeriph_Driver/src/stm32f30x_tim.o
                0x080006a4                TIM_OC4Init
 .text.TIM_CtrlPWMOutputs
                0x080007c4       0x6c ./STM32F30x_StdPeriph_Driver/src/stm32f30x_tim.o
                0x080007c4                TIM_CtrlPWMOutputs
 .text.Reset_Handler
                0x08000830       0x44 ./STM32F30x_StdPeriph_Driver/cmsis/gcc_ride7/startup_stm32f30x.o
                0x08000830                Reset_Handler
 .text.Default_Handler
                0x08000874        0x2 ./STM32F30x_StdPeriph_Driver/cmsis/gcc_ride7/startup_stm32f30x.o
                0x08000874                RTC_Alarm_IRQHandler
                0x08000874                TIM8_TRG_COM_IRQHandler
                0x08000874                TIM8_CC_IRQHandler
                0x08000874                DebugMon_Handler
                0x08000874                TIM1_CC_IRQHandler
                0x08000874                HardFault_Handler
                0x08000874                USB_HP_IRQHandler
                0x08000874                SysTick_Handler
                0x08000874                PVD_IRQHandler
                0x08000874                PendSV_Handler
                0x08000874                NMI_Handler
                0x08000874                EXTI3_IRQHandler
                0x08000874                EXTI0_IRQHandler
                0x08000874                I2C2_EV_IRQHandler
                0x08000874                FPU_IRQHandler
                0x08000874                EXTI2_TS_IRQHandler
                0x08000874                TIM1_UP_TIM16_IRQHandler
                0x08000874                UsageFault_Handler
                0x08000874                ADC1_2_IRQHandler
                0x08000874                SPI1_IRQHandler
                0x08000874                TIM6_DAC_IRQHandler
                0x08000874                TIM8_UP_IRQHandler
                0x08000874                DMA2_Channel2_IRQHandler
                0x08000874                DMA1_Channel4_IRQHandler
                0x08000874                USART3_IRQHandler
                0x08000874                DMA1_Channel7_IRQHandler
                0x08000874                CAN1_RX1_IRQHandler
                0x08000874                UART5_IRQHandler
                0x08000874                ADC3_IRQHandler
                0x08000874                TIM4_IRQHandler
                0x08000874                DMA2_Channel1_IRQHandler
                0x08000874                I2C1_EV_IRQHandler
                0x08000874                DMA1_Channel6_IRQHandler
                0x08000874                UART4_IRQHandler
                0x08000874                DMA2_Channel4_IRQHandler
                0x08000874                TIM3_IRQHandler
                0x08000874                RCC_IRQHandler
                0x08000874                DMA1_Channel1_IRQHandler
                0x08000874                Default_Handler
                0x08000874                USBWakeUp_RMP_IRQHandler
                0x08000874                EXTI15_10_IRQHandler
                0x08000874                TIM7_IRQHandler
                0x08000874                EXTI9_5_IRQHandler
                0x08000874                TAMPER_STAMP_IRQHandler
                0x08000874                RTC_WKUP_IRQHandler
                0x08000874                SPI2_IRQHandler
                0x08000874                MemManage_Handler
                0x08000874                SVC_Handler
                0x08000874                DMA2_Channel5_IRQHandler
                0x08000874                DMA1_Channel5_IRQHandler
                0x08000874                USB_LP_IRQHandler
                0x08000874                EXTI4_IRQHandler
                0x08000874                USB_LP_CAN1_RX0_IRQHandler
                0x08000874                TIM1_TRG_COM_TIM17_IRQHandler
                0x08000874                USB_HP_CAN1_TX_IRQHandler
                0x08000874                DMA1_Channel3_IRQHandler
                0x08000874                ADC4_IRQHandler
                0x08000874                WWDG_IRQHandler
                0x08000874                TIM2_IRQHandler
                0x08000874                COMP7_IRQHandler
                0x08000874                COMP1_2_3_IRQHandler
                0x08000874                EXTI1_IRQHandler
                0x08000874                USART2_IRQHandler
                0x08000874                COMP4_5_6_IRQHandler
                0x08000874                I2C2_ER_IRQHandler
                0x08000874                DMA1_Channel2_IRQHandler
                0x08000874                TIM8_BRK_IRQHandler
                0x08000874                CAN1_SCE_IRQHandler
                0x08000874                FLASH_IRQHandler
                0x08000874                BusFault_Handler
                0x08000874                USART1_IRQHandler
                0x08000874                SPI3_IRQHandler
                0x08000874                I2C1_ER_IRQHandler
                0x08000874                USBWakeUp_IRQHandler
                0x08000874                DMA2_Channel3_IRQHandler
                0x08000874                TIM1_BRK_TIM15_IRQHandler
 *fill*         0x08000876        0x2 
 .text.SetSysClock
                0x08000878       0xa8 ./STM32F30x_StdPeriph_Driver/cmsis/system_stm32f30x.o
 .text.SystemInit
                0x08000920       0x64 ./STM32F30x_StdPeriph_Driver/cmsis/system_stm32f30x.o
                0x08000920                SystemInit
 .text.SystemCoreClockUpdate
                0x08000984       0x8c ./STM32F30x_StdPeriph_Driver/cmsis/system_stm32f30x.o
                0x08000984                SystemCoreClockUpdate
 *(.glue_7)
 .glue_7        0x08000a10        0x0 linker stubs
 *(.glue_7t)
 .glue_7t       0x08000a10        0x0 linker stubs
 *(.eh_frame)
 *(.init)
 *(.fini)
                0x08000a10                . = ALIGN (0x4)
                0x08000a10                _etext = .

.vfp11_veneer   0x08000a10        0x0
 .vfp11_veneer  0x08000a10        0x0 linker stubs

.v4_bx          0x08000a10        0x0
 .v4_bx         0x08000a10        0x0 linker stubs

.iplt           0x08000a10        0x0
 .iplt          0x08000a10        0x0 ./src/main.o

.rodata         0x08000a10       0x9c
                0x08000a10                . = ALIGN (0x4)
 *(.rodata)
 *(.rodata*)
 .rodata.GPIO_DeInit.str1.4
                0x08000a10       0x33 ./STM32F30x_StdPeriph_Driver/src/stm32f30x_gpio.o
 *fill*         0x08000a43        0x1 
 .rodata.RCC_HSEConfig.str1.4
                0x08000a44       0x32 ./STM32F30x_StdPeriph_Driver/src/stm32f30x_rcc.o
 *fill*         0x08000a76        0x2 
 .rodata.TIM_DeInit.str1.4
                0x08000a78       0x34 ./STM32F30x_StdPeriph_Driver/src/stm32f30x_tim.o
                                 0x32 (size before relaxing)
                0x08000aac                . = ALIGN (0x4)

.rel.dyn        0x08000aac        0x0
 .rel.iplt      0x08000aac        0x0 ./src/main.o

.ARM.extab
 *(.ARM.extab* .gnu.linkonce.armextab.*)

.ARM            0x08000aac        0x0
                0x08000aac                __exidx_start = .
 *(.ARM.exidx*)
                0x08000aac                __exidx_end = .

.preinit_array  0x08000aac        0x0
                [!provide]                PROVIDE (__preinit_array_start, .)
 *(.preinit_array*)
                [!provide]                PROVIDE (__preinit_array_end, .)

.init_array     0x08000aac        0x0
                [!provide]                PROVIDE (__init_array_start, .)
 *(SORT_BY_NAME(.init_array.*))
 *(.init_array*)
                [!provide]                PROVIDE (__init_array_end, .)

.fini_array     0x08000aac        0x0
                [!provide]                PROVIDE (__fini_array_start, .)
 *(SORT_BY_NAME(.fini_array.*))
 *(.fini_array*)
                [!provide]                PROVIDE (__fini_array_end, .)
                0x08000aac                _sidata = LOADADDR (.data)

.data           0x20000000       0x14 load address 0x08000aac
                0x20000000                . = ALIGN (0x4)
                0x20000000                _sdata = .
 *(.data)
 *(.data*)
 .data.AHBPrescTable
                0x20000000       0x10 ./STM32F30x_StdPeriph_Driver/cmsis/system_stm32f30x.o
                0x20000000                AHBPrescTable
 .data.SystemCoreClock
                0x20000010        0x4 ./STM32F30x_StdPeriph_Driver/cmsis/system_stm32f30x.o
                0x20000010                SystemCoreClock
                0x20000014                . = ALIGN (0x4)
                0x20000014                _edata = .
                0x08000ac0                _siccmram = LOADADDR (.ccmram)

.igot.plt       0x20000014        0x0 load address 0x08000ac0
 .igot.plt      0x20000014        0x0 ./src/main.o

.ccmram         0x10000000        0x0 load address 0x08000ac0
                0x10000000                . = ALIGN (0x4)
                0x10000000                _sccmram = .
 *(.ccmram)
 *(.ccmram*)
                0x10000000                . = ALIGN (0x4)
                0x10000000                _eccmram = .
                0x10000000                . = ALIGN (0x4)

.bss            0x20000014       0x28
                0x20000014                _sbss = .
                0x20000014                __bss_start__ = _sbss
 *(.bss)
 *(.bss*)
 .bss._ZZ4mainE18GPIO_InitStructure
                0x20000014        0x8 ./src/main.o
 .bss._ZZ4mainE19TIM_OCInitStructure
                0x2000001c       0x14 ./src/main.o
 .bss._ZZ4mainE21TIM_TimeBaseStructure
                0x20000030        0xc ./src/main.o
 *(COMMON)
                0x2000003c                . = ALIGN (0x4)
                0x2000003c                _ebss = .
                0x2000003c                __bss_end__ = _ebss

._user_heap_stack
                0x2000003c      0x600
                0x2000003c                . = ALIGN (0x4)
                [!provide]                PROVIDE (end, .)
                [!provide]                PROVIDE (_end, .)
                0x2000023c                . = (. + _Min_Heap_Size)
 *fill*         0x2000003c      0x200 
                0x2000063c                . = (. + _Min_Stack_Size)
 *fill*         0x2000023c      0x400 
                0x2000063c                . = ALIGN (0x4)

.memory_b1_text
 *(.mb1text)
 *(.mb1text*)
 *(.mb1rodata)
 *(.mb1rodata*)

/DISCARD/
 libc.a(*)
 libm.a(*)
 libgcc.a(*)

.ARM.attributes
                0x00000000       0x31
 *(.ARM.attributes)
 .ARM.attributes
                0x00000000       0x33 ./src/main.o
 .ARM.attributes
                0x00000033       0x33 ./STM32F30x_StdPeriph_Driver/src/stm32f30x_gpio.o
 .ARM.attributes
                0x00000066       0x33 ./STM32F30x_StdPeriph_Driver/src/stm32f30x_rcc.o
 .ARM.attributes
                0x00000099       0x33 ./STM32F30x_StdPeriph_Driver/src/stm32f30x_tim.o
 .ARM.attributes
                0x000000cc       0x21 ./STM32F30x_StdPeriph_Driver/cmsis/gcc_ride7/startup_stm32f30x.o
 .ARM.attributes
                0x000000ed       0x33 ./STM32F30x_StdPeriph_Driver/cmsis/system_stm32f30x.o
OUTPUT(m-rm.elf elf32-littlearm)

.debug_info     0x00000000     0x7849
 .debug_info    0x00000000     0x16a4 ./src/main.o
 .debug_info    0x000016a4      0xab5 ./STM32F30x_StdPeriph_Driver/src/stm32f30x_gpio.o
 .debug_info    0x00002159     0x1031 ./STM32F30x_StdPeriph_Driver/src/stm32f30x_rcc.o
 .debug_info    0x0000318a     0x41f7 ./STM32F30x_StdPeriph_Driver/src/stm32f30x_tim.o
 .debug_info    0x00007381       0x22 ./STM32F30x_StdPeriph_Driver/cmsis/gcc_ride7/startup_stm32f30x.o
 .debug_info    0x000073a3      0x4a6 ./STM32F30x_StdPeriph_Driver/cmsis/system_stm32f30x.o

.debug_abbrev   0x00000000      0xb18
 .debug_abbrev  0x00000000      0x383 ./src/main.o
 .debug_abbrev  0x00000383      0x1fc ./STM32F30x_StdPeriph_Driver/src/stm32f30x_gpio.o
 .debug_abbrev  0x0000057f      0x234 ./STM32F30x_StdPeriph_Driver/src/stm32f30x_rcc.o
 .debug_abbrev  0x000007b3      0x1dc ./STM32F30x_StdPeriph_Driver/src/stm32f30x_tim.o
 .debug_abbrev  0x0000098f       0x12 ./STM32F30x_StdPeriph_Driver/cmsis/gcc_ride7/startup_stm32f30x.o
 .debug_abbrev  0x000009a1      0x177 ./STM32F30x_StdPeriph_Driver/cmsis/system_stm32f30x.o

.debug_loc      0x00000000     0x45a9
 .debug_loc     0x00000000       0x42 ./src/main.o
 .debug_loc     0x00000042      0x4e9 ./STM32F30x_StdPeriph_Driver/src/stm32f30x_gpio.o
 .debug_loc     0x0000052b      0xfa5 ./STM32F30x_StdPeriph_Driver/src/stm32f30x_rcc.o
 .debug_loc     0x000014d0     0x2fda ./STM32F30x_StdPeriph_Driver/src/stm32f30x_tim.o
 .debug_loc     0x000044aa       0xff ./STM32F30x_StdPeriph_Driver/cmsis/system_stm32f30x.o

.debug_aranges  0x00000000      0x600
 .debug_aranges
                0x00000000       0x28 ./src/main.o
 .debug_aranges
                0x00000028       0x80 ./STM32F30x_StdPeriph_Driver/src/stm32f30x_gpio.o
 .debug_aranges
                0x000000a8      0x158 ./STM32F30x_StdPeriph_Driver/src/stm32f30x_rcc.o
 .debug_aranges
                0x00000200      0x3a8 ./STM32F30x_StdPeriph_Driver/src/stm32f30x_tim.o
 .debug_aranges
                0x000005a8       0x28 ./STM32F30x_StdPeriph_Driver/cmsis/gcc_ride7/startup_stm32f30x.o
 .debug_aranges
                0x000005d0       0x30 ./STM32F30x_StdPeriph_Driver/cmsis/system_stm32f30x.o

.debug_ranges   0x00000000      0x5a8
 .debug_ranges  0x00000000       0x18 ./src/main.o
 .debug_ranges  0x00000018       0x70 ./STM32F30x_StdPeriph_Driver/src/stm32f30x_gpio.o
 .debug_ranges  0x00000088      0x148 ./STM32F30x_StdPeriph_Driver/src/stm32f30x_rcc.o
 .debug_ranges  0x000001d0      0x398 ./STM32F30x_StdPeriph_Driver/src/stm32f30x_tim.o
 .debug_ranges  0x00000568       0x20 ./STM32F30x_StdPeriph_Driver/cmsis/gcc_ride7/startup_stm32f30x.o
 .debug_ranges  0x00000588       0x20 ./STM32F30x_StdPeriph_Driver/cmsis/system_stm32f30x.o

.debug_macro    0x00000000    0x10905
 .debug_macro   0x00000000      0x2c5 ./src/main.o
 .debug_macro   0x000002c5      0xb08 ./src/main.o
 .debug_macro   0x00000dcd       0x22 ./src/main.o
 .debug_macro   0x00000def       0x52 ./src/main.o
 .debug_macro   0x00000e41       0x17 ./src/main.o
 .debug_macro   0x00000e58       0x8d ./src/main.o
 .debug_macro   0x00000ee5       0x35 ./src/main.o
 .debug_macro   0x00000f1a       0x9c ./src/main.o
 .debug_macro   0x00000fb6       0x16 ./src/main.o
 .debug_macro   0x00000fcc       0x57 ./src/main.o
 .debug_macro   0x00001023       0x97 ./src/main.o
 .debug_macro   0x000010ba      0x353 ./src/main.o
 .debug_macro   0x0000140d      0x104 ./src/main.o
 .debug_macro   0x00001511       0x10 ./src/main.o
 .debug_macro   0x00001521       0x58 ./src/main.o
 .debug_macro   0x00001579       0x1f ./src/main.o
 .debug_macro   0x00001598       0x43 ./src/main.o
 .debug_macro   0x000015db       0x20 ./src/main.o
 .debug_macro   0x000015fb      0x18e ./src/main.o
 .debug_macro   0x00001789       0x10 ./src/main.o
 .debug_macro   0x00001799       0x6a ./src/main.o
 .debug_macro   0x00001803       0x1c ./src/main.o
 .debug_macro   0x0000181f       0x52 ./src/main.o
 .debug_macro   0x00001871       0x40 ./src/main.o
 .debug_macro   0x000018b1       0x10 ./src/main.o
 .debug_macro   0x000018c1       0x40 ./src/main.o
 .debug_macro   0x00001901       0xd7 ./src/main.o
 .debug_macro   0x000019d8       0x1c ./src/main.o
 .debug_macro   0x000019f4       0x3d ./src/main.o
 .debug_macro   0x00001a31       0x16 ./src/main.o
 .debug_macro   0x00001a47      0x137 ./src/main.o
 .debug_macro   0x00001b7e      0x168 ./src/main.o
 .debug_macro   0x00001ce6       0x10 ./src/main.o
 .debug_macro   0x00001cf6      0x3f4 ./src/main.o
 .debug_macro   0x000020ea       0x10 ./src/main.o
 .debug_macro   0x000020fa       0x16 ./src/main.o
 .debug_macro   0x00002110       0x35 ./src/main.o
 .debug_macro   0x00002145       0x16 ./src/main.o
 .debug_macro   0x0000215b       0x29 ./src/main.o
 .debug_macro   0x00002184       0x1c ./src/main.o
 .debug_macro   0x000021a0       0xde ./src/main.o
 .debug_macro   0x0000227e       0x7e ./src/main.o
 .debug_macro   0x000022fc       0x3b ./src/main.o
 .debug_macro   0x00002337      0x34e ./src/main.o
 .debug_macro   0x00002685       0x2d ./src/main.o
 .debug_macro   0x000026b2       0x26 ./src/main.o
 .debug_macro   0x000026d8      0xd39 ./src/main.o
 .debug_macro   0x00003411     0xade5 ./src/main.o
 .debug_macro   0x0000e1f6       0x35 ./src/main.o
 .debug_macro   0x0000e22b      0x1b7 ./src/main.o
 .debug_macro   0x0000e3e2       0xb8 ./src/main.o
 .debug_macro   0x0000e49a      0x70b ./src/main.o
 .debug_macro   0x0000eba5      0x902 ./src/main.o
 .debug_macro   0x0000f4a7       0xba ./STM32F30x_StdPeriph_Driver/src/stm32f30x_gpio.o
 .debug_macro   0x0000f561       0xb2 ./STM32F30x_StdPeriph_Driver/src/stm32f30x_gpio.o
 .debug_macro   0x0000f613      0x157 ./STM32F30x_StdPeriph_Driver/src/stm32f30x_rcc.o
 .debug_macro   0x0000f76a      0x705 ./STM32F30x_StdPeriph_Driver/src/stm32f30x_rcc.o
 .debug_macro   0x0000fe6f       0xe4 ./STM32F30x_StdPeriph_Driver/src/stm32f30x_tim.o
 .debug_macro   0x0000ff53      0x8fc ./STM32F30x_StdPeriph_Driver/src/stm32f30x_tim.o
 .debug_macro   0x0001084f       0xb6 ./STM32F30x_StdPeriph_Driver/cmsis/system_stm32f30x.o

.debug_line     0x00000000     0x4056
 .debug_line    0x00000000      0x658 ./src/main.o
 .debug_line    0x00000658      0x678 ./STM32F30x_StdPeriph_Driver/src/stm32f30x_gpio.o
 .debug_line    0x00000cd0      0xa6d ./STM32F30x_StdPeriph_Driver/src/stm32f30x_rcc.o
 .debug_line    0x0000173d     0x25e2 ./STM32F30x_StdPeriph_Driver/src/stm32f30x_tim.o
 .debug_line    0x00003d1f       0x9d ./STM32F30x_StdPeriph_Driver/cmsis/gcc_ride7/startup_stm32f30x.o
 .debug_line    0x00003dbc      0x29a ./STM32F30x_StdPeriph_Driver/cmsis/system_stm32f30x.o

.debug_str      0x00000000    0x59fab
 .debug_str     0x00000000    0x583da ./src/main.o
                              0x587f0 (size before relaxing)
 .debug_str     0x000583da      0x35c ./STM32F30x_StdPeriph_Driver/src/stm32f30x_gpio.o
                              0x522a3 (size before relaxing)
 .debug_str     0x00058736      0xacd ./STM32F30x_StdPeriph_Driver/src/stm32f30x_rcc.o
                              0x52af1 (size before relaxing)
 .debug_str     0x00059203      0xc73 ./STM32F30x_StdPeriph_Driver/src/stm32f30x_tim.o
                              0x52e5b (size before relaxing)
 .debug_str     0x00059e76       0x51 ./STM32F30x_StdPeriph_Driver/cmsis/gcc_ride7/startup_stm32f30x.o
                                 0x63 (size before relaxing)
 .debug_str     0x00059ec7       0xe4 ./STM32F30x_StdPeriph_Driver/cmsis/system_stm32f30x.o
                              0x520e7 (size before relaxing)

.comment        0x00000000       0x7e
 .comment       0x00000000       0x7e ./src/main.o
                                 0x7f (size before relaxing)
 .comment       0x0000007e       0x7f ./STM32F30x_StdPeriph_Driver/src/stm32f30x_gpio.o
 .comment       0x0000007e       0x7f ./STM32F30x_StdPeriph_Driver/src/stm32f30x_rcc.o
 .comment       0x0000007e       0x7f ./STM32F30x_StdPeriph_Driver/src/stm32f30x_tim.o
 .comment       0x0000007e       0x7f ./STM32F30x_StdPeriph_Driver/cmsis/system_stm32f30x.o

.debug_frame    0x00000000     0x1248
 .debug_frame   0x00000000       0x38 ./src/main.o
 .debug_frame   0x00000038      0x168 ./STM32F30x_StdPeriph_Driver/src/stm32f30x_gpio.o
 .debug_frame   0x000001a0      0x3e8 ./STM32F30x_StdPeriph_Driver/src/stm32f30x_rcc.o
 .debug_frame   0x00000588      0xc6c ./STM32F30x_StdPeriph_Driver/src/stm32f30x_tim.o
 .debug_frame   0x000011f4       0x54 ./STM32F30x_StdPeriph_Driver/cmsis/system_stm32f30x.o
